../Core/Src/main.c:128:5:main	40	static
../Core/Src/main.c:285:6:put_off_fire	16	static
../Core/Src/main.c:333:6:SetServoAngle	24	static
../Core/Src/main.c:341:7:ReadADC	24	static
../Core/Src/main.c:359:10:GetObjectDistance	16	static
../Core/Src/main.c:398:6:SystemClock_Config	96	static
../Core/Src/main.c:447:6:PeriphCommonClock_Config	144	static
../Core/Src/main.c:473:13:MX_ADC1_Init	48	static
../Core/Src/main.c:540:13:MX_ADC2_Init	32	static
../Core/Src/main.c:598:13:MX_ADC3_Init	32	static
../Core/Src/main.c:656:13:MX_TIM3_Init	64	static
../Core/Src/main.c:715:13:MX_USART1_UART_Init	8	static
../Core/Src/main.c:750:13:MX_USART2_UART_Init	8	static
../Core/Src/main.c:785:13:MX_GPIO_Init	40	static
../Core/Src/main.c:824:5:__io_putchar	16	static
../Core/Src/main.c:834:6:Error_Handler	4	static,ignoring_inline_asm
